<html>
<body>
<pre>
<h1>µVision Build Log</h1>
<h2>Tool Versions:</h2>
IDE-Version: µVision V5.16a
Copyright (C) 2015 ARM Ltd and ARM Germany GmbH. All rights reserved.
License Information: Çiçek Abbas, -, LIC=IC912-94HEE-49UG2-98ZBR-0AQN0-HDDNF
 
Tool Versions:
Toolchain:       MDK-ARM Professional  Version: 5.16a
Toolchain Path:  C:\Keil_v5\ARM\ARMCC\Bin
C Compiler:      Armcc.exe V5.06 (build 20)
Assembler:       Armasm.exe V5.06 (build 20)
Linker/Locator:  ArmLink.exe V5.06 (build 20)
Library Manager: ArmAr.exe V5.06 (build 20)
Hex Converter:   FromElf.exe V5.06 (build 20)
CPU DLL:         SARMCM3.DLL V5.16a
Dialog DLL:      DCM.DLL V1.13.2.0
Target DLL:      STLink\ST-LINKIII-KEIL_SWO.dll V2.0.17.0
Dialog DLL:      TCM.DLL V1.14.5.0
 
<h2>Project:</h2>
C:\Users\Tarkan\Documents\keil-cubemx\antsis\uart1_2\uart1_2\MDK-ARM\uart1_2.uvprojx
Project File Date:  11/01/2015

<h2>Output:</h2>
*** Using Compiler 'V5.06 (build 20)', folder: 'C:\Keil_v5\ARM\ARMCC\Bin'
Build target 'uart1_2 Configuration'
compiling main.c...
linking...
Program Size: Code=8172 RO-data=324 RW-data=120 ZI-data=3752  
"uart1_2 Configuration\uart1_2 Configuration.axf" - 0 Error(s), 0 Warning(s).

<h2>Software Packages used:</h2>

Package Vendor: Keil
                http://www.keil.com/pack/Keil.MDK-Middleware.7.0.0-beta.pack
                ::Board Support:Buttons:1.00 (API)
                Keil MDK-ARM Professional Middleware for ARM Cortex-M based devices
   * Component: Buttons Version: 1.00

Package Vendor: Keil
                http://www.keil.com/pack/Keil.STM32F0xx_DFP.1.4.0.pack
                Keil.STM32F030-Discovery::Board Support:Buttons:1.0.0
                STMicroelectronics STM32F0 Series Device Support and Examples
   * Component: Buttons Version: 1.0.0

<h2>Collection of Component include folders:</h2>
  C:\Users\Tarkan\Documents\keil-cubemx\antsis\uart1_2\uart1_2\MDK-ARM\RTE
  C:\Keil_v5\ARM\PACK\Keil\MDK-Middleware\7.0.0-beta\Board
  C:\Keil_v5\ARM\PACK\Keil\STM32F0xx_DFP\1.4.0\Device\Include

<h2>Collection of Component Files used:</h2>

   * Component: ::Board Support:Buttons:1.00 (API)
      Include file:  Board\Board_Buttons.h

   * Component: Keil.STM32F030-Discovery::Board Support:Buttons:1.0.0
      Source file:   Boards\ST\STM32F030-Discovery\Common\Buttons_STM32F030-Discovery.c
Build Time Elapsed:  00:00:00
</pre>
</body>
</html>
